client/pages/directory.tsx(101,68): error TS2322: Type '{ className: string; title: string; }' is not assignable to type 'IntrinsicAttributes & Omit<LucideProps, "ref"> & RefAttributes<SVGSVGElement>'.
  Property 'title' does not exist on type 'IntrinsicAttributes & Omit<LucideProps, "ref"> & RefAttributes<SVGSVGElement>'.
client/src/components/payments/DuesPayment.tsx(3,36): error TS2307: Cannot find module 'react-paystack' or its corresponding type declarations.
